# serializer version: 1
# name: test_camera_position_snapshots
  dict({
    'bottom': dict({
      'file': '__snapshots__/camera_snapshots/camera_bottom.png',
      'hash': '3c4c4af1807a5185cb77831fc76f5694',
    }),
    'front': dict({
      'file': '__snapshots__/camera_snapshots/camera_front.png',
      'hash': '66d4da430f99ab5106ea40d12266e1f7',
    }),
    'isometric': dict({
      'file': '__snapshots__/camera_snapshots/camera_isometric.png',
      'hash': 'ca91cad0e50f00b10763ba31467037f6',
    }),
    'isometric+30x-10z': dict({
      'file': '__snapshots__/camera_snapshots/camera_isometric+30x-10z.png',
      'hash': '7e9c108cdbf6fb57c1708ff8bca18cbb',
    }),
    'top': dict({
      'file': '__snapshots__/camera_snapshots/camera_top.png',
      'hash': '3dbb64ec91918ae10f1e70c4b8d087a6',
    }),
  })
# ---
